[backblue.gif]
[fade.gif]
[index.html]
[www.nfe.fazenda.gov.br/portal/css/geral.css]
[www.nfe.fazenda.gov.br/portal/css/classes.css]
[www.nfe.fazenda.gov.br/portal/css/estilo_visualizacao.css]
[www.nfe.fazenda.gov.br/portal/scripts/jquery-3.2.1.min.js]
[www.nfe.fazenda.gov.br/portal/scripts/menu.js]
[www.nfe.fazenda.gov.br/portal/scripts/mascaras.js]
[www.receita.fazenda.gov.br/estatistica/estatistica.js]
[www.nfe.fazenda.gov.br/portal/scripts/captcha-som.js]
[barra.brasil.gov.br/barra.js]
[www.nfe.fazenda.gov.br/portal/ScriptResourcebb84.js]
[www.nfe.fazenda.gov.br/portal/ScriptResourcec7ba.js]
[www.nfe.fazenda.gov.br/portal/ScriptResource5413.axd]
[www.nfe.fazenda.gov.br/portal/ScriptResourceba03.axd]
[www.nfe.fazenda.gov.br/portal/ScriptResource9a4b.axd]
[www.nfe.fazenda.gov.br/portal/ScriptResourcee2e2.axd]
[www.nfe.fazenda.gov.br/portal/ScriptResource0749.axd]
[www.nfe.fazenda.gov.br/portal/ScriptResourcef6bd.axd]
[www.nfe.fazenda.gov.br/portal/ScriptResource8226.axd]
[www.nfe.fazenda.gov.br/portal/ScriptResourceac99.axd]
[www.nfe.fazenda.gov.br/portal/ScriptResourceb707.axd]
[www.nfe.fazenda.gov.br/portal/ScriptResourceee48.axd]
[www.nfe.fazenda.gov.br/portal/ScriptResource6415.axd]
[www.nfe.fazenda.gov.br/portal/ScriptResourcebf6a.axd]
[www.nfe.fazenda.gov.br/portal/ScriptResource8d1d.axd]
[www.nfe.fazenda.gov.br/portal/imagens/home_icon_Off.png]
[www.nfe.fazenda.gov.br/portal/imagens/botao_buscar_Off_completo.png]
[www.nfe.fazenda.gov.br/portal/imagens/linha_divisoria.png]
[www.nfe.fazenda.gov.br/portal/imagens/banners_Visite_CTe_Off.png]
[www.nfe.fazenda.gov.br/portal/imagens/banners_Visite_Sped_Off.png]
[www.nfe.fazenda.gov.br/portal/imagens/banners_manaus_Off.png]
[www.nfe.fazenda.gov.br/portal/imagens/banner_mdfe_Off.png]
[www.nfe.fazenda.gov.br/portal/imagens/banner_bpe_Off.png]
[www.nfe.fazenda.gov.br/portal/imagens/acessibilidade_reduzir_Off.png]
[www.nfe.fazenda.gov.br/portal/imagens/acessibilidade_ampliar_Off.png]
[www.nfe.fazenda.gov.br/portal/imagens/pesquisar_NFe_Off_icone.png]
[www.nfe.fazenda.gov.br/portal/imagens/consultar_inutil_Off.png]
[www.nfe.fazenda.gov.br/portal/imagens/disponibilidade_Off_icones.png]
[www.nfe.fazenda.gov.br/portal/imagens/ico_manifestacao_Off.png]
[www.nfe.fazenda.gov.br/portal/principal9f90.html]
[www.nfe.fazenda.gov.br/portal/imagens/background_Cinza_NFe.png]
[www.nfe.fazenda.gov.br/portal/imagens/meio_botao_off.png]
[www.nfe.fazenda.gov.br/portal/imagens/fundo_quadradinhos_filete.png]
[www.nfe.fazenda.gov.br/portal/imagens/background_div_nfe.png]
[www.nfe.fazenda.gov.br/portal/imagens/cabecalho_NFe.png]
[www.nfe.fazenda.gov.br/portal/imagens/sombra_rodape.png]
[www.nfe.fazenda.gov.br/portal/imagens/box_estatisticas.png]
[www.nfe.fazenda.gov.br/portal/imagens/Box_Busca.png]
[www.nfe.fazenda.gov.br/portal/imagens/area_restrita_NFe_Off.png]
[www.nfe.fazenda.gov.br/portal/imagens/area_restrita_NFe_On.png]
[www.nfe.fazenda.gov.br/portal/imagens/central_atendimento_Off.png]
[www.nfe.fazenda.gov.br/portal/imagens/central_atendimento_On.png]
[www.nfe.fazenda.gov.br/portal/imagens/perguntas_NFE_Off.png]
[www.nfe.fazenda.gov.br/portal/imagens/perguntas_NFE_On.png]
[www.nfe.fazenda.gov.br/portal/imagens/portais_NFE.png]
[www.nfe.fazenda.gov.br/portal/imagens/marca_Receita.png]
[www.nfe.fazenda.gov.br/portal/css/geral.css]
[www.nfe.fazenda.gov.br/portal/imagens/icone_seta_voltar_topo_Off.png]
[www.nfe.fazenda.gov.br/portal/imagens/icone_seta_voltar_topo_On.png]
[www.nfe.fazenda.gov.br/portal/imagens/linha_vertical_consulta.png]
[www.nfe.fazenda.gov.br/portal/imagens/background_nfe.png]
[www.nfe.fazenda.gov.br/portal/imagens/sucesso_icone.png]
[www.nfe.fazenda.gov.br/portal/imagens/erro_icone.png]
[www.nfe.fazenda.gov.br/portal/imagens/alerta_icone.png]
[www.nfe.fazenda.gov.br/portal/imagens/Bullet_Redondo.png]
[www.nfe.fazenda.gov.br/portal/css/classes.css]
[www.nfe.fazenda.gov.br/portal/imagens/barra_servicos_estendida.png]
[www.nfe.fazenda.gov.br/portal/imagens/barra_informes_estendida_Off.png]
[www.nfe.fazenda.gov.br/portal/imagens/barra_denegacao_estendida.png]
[www.nfe.fazenda.gov.br/portal/css/paginasInternas.css]
[www.nfe.fazenda.gov.br/portal/css/estilo_visualizacao.css]
[www.nfe.fazenda.gov.br/portal/WebResourcee49a.js]
[www.nfe.fazenda.gov.br/portal/ScriptResourcebb84.js]
[www.nfe.fazenda.gov.br/portal/ScriptResourcec7ba.js]
[www.nfe.fazenda.gov.br/portal/listaSubMenu87f2.html]
[www.nfe.fazenda.gov.br/portal/listaSubMenue3ad.html]
[www.nfe.fazenda.gov.br/portal/listaSubMenudcab.html]
[www.nfe.fazenda.gov.br/portal/listaSubMenu590b.html]
[www.nfe.fazenda.gov.br/portal/listaSubMenu27dc.html]
[www.google.com/recaptcha/api02b8.js]
[hcaptcha.com/1/api96ac.js]
[www.nfe.fazenda.gov.br/portal/ScriptResourcec54e.js]
[www.nfe.fazenda.gov.br/portal/consultaRecaptcha8ad3.html]
[www.nfe.fazenda.gov.br/portal/consulta0f5f.html]
[www.nfe.fazenda.gov.br/portal/solicitaCertificado2118.html]
[www.nfe.fazenda.gov.br/portal/imagens/bola_verde_P.png]
[www.nfe.fazenda.gov.br/portal/imagens/bola_vermelho_G.png]
[www.nfe.fazenda.gov.br/portal/imagens/bola_amarela_G.png]
[www.nfe.fazenda.gov.br/portal/imagens/bola_verde_G.png]
[www.nfe.fazenda.gov.br/portal/disponibilidadefd3a.html]
[www.nfe.fazenda.gov.br/portal/manifestacaoDestinatario58ea.html]
[www.nfe.fazenda.gov.br/portal/webServices4450.html]
[www.nfe.fazenda.gov.br/portal/consultaEPECConciliacaob956.html]
[www.nfe.fazenda.gov.br/portal/listaConteudo5143.html]
[www.nfe.fazenda.gov.br/portal/listaConteudo6da2.html]
[www.nfe.fazenda.gov.br/portal/listaConteudoc8a0.html]
[www.nfe.fazenda.gov.br/portal/listaConteudo4398.html]
[www.nfe.fazenda.gov.br/portal/listaConteudo2128.html]
[www.nfe.fazenda.gov.br/portal/listaConteudo979e.html]
[www.nfe.fazenda.gov.br/portal/listaConteudo8549.html]
[www.nfe.fazenda.gov.br/portal/listaConteudo6b38.html]
[www.nfe.fazenda.gov.br/portal/IT_2023.003_v1.07 - Tabela de Combustíveis Sujeitos à Tributação Monofásica7bad.pdf]
[www.nfe.fazenda.gov.br/portal/IT 2023.001_v1.10 - Tabela cProdANP604a.pdf]
[www.nfe.fazenda.gov.br/portal/IT_2024.001 RT Código de Classificação Tributáriae96e.pdf]
[www.nfe.fazenda.gov.br/portal/IT_2023.003_v1.06 - Tabela de Combustíveis Sujeitos à Tributação Monofásica975e.pdf]
[www.nfe.fazenda.gov.br/portal/IT_2023.003_v1.05 - Tabela de Combustíveis Sujeitos à Tributação Monofásica7ee3.pdf]
[www.nfe.fazenda.gov.br/portal/IT_2023.003v1.04 - Tabela de Combustíveis Sujeitos à Tributação Monofásica4893.pdf]
[www.nfe.fazenda.gov.br/portal/NT2023.001v1.10-Tributação monofásica dos combustíveisfbb0.pdf]
[www.nfe.fazenda.gov.br/portal/NT2023.001v1.00-Tributação Monofásica sobre Combustíveisa0ec.pdf]
[www.nfe.fazenda.gov.br/portal/IT 2023.001_v1.00 - Tabela cProdANP4ea7.pdf]
[www.nfe.fazenda.gov.br/portal/NT 2016_003 v3.62 - Tabela NCM -  vigência 01-11-2023 ou 01-01-2024e357.pdf]
[www.nfe.fazenda.gov.br/portal/NT 2016_003 v3.40 - Tabela NCM - vigência 01-01-2023 - v2211072beb.pdf]
[www.nfe.fazenda.gov.br/portal/NT 2016_003 v3.30 - Tabela NCM - vigência 01-01-2023625e.pdf]
[www.nfe.fazenda.gov.br/portal/NT 2016_003 v3.20 - Tabela NCM - vigência 01-09-202231b3.pdf]
[www.nfe.fazenda.gov.br/portal/NT 2016_003 v3.103210.pdf]
[www.nfe.fazenda.gov.br/portal/NT 2016_003 v3.00 - Tabela NCM - vigência 01-04-20222f9e.pdf]
[www.nfe.fazenda.gov.br/portal/NT 2016_003 v2_10 - Tabela NCM - vigência 01-10-2021bc71.pdf]
[www.nfe.fazenda.gov.br/portal/listaConteudo79db.html]
[www.nfe.fazenda.gov.br/portal/imagens/icone_Linux.png]
[www.nfe.fazenda.gov.br/portal/imagens/icone_windows.png]
[www.nfe.fazenda.gov.br/portal/visualizador/visualizador.jnlp]
[www.nfe.fazenda.gov.br/portal/imagens/instalar_Visualizador_Off.png]
[www.nfe.fazenda.gov.br/portal/downloadd82a.html]
[www.nfe.fazenda.gov.br/portal/imagens/instalar_Assinador_NFe_Off.png]
[www.nfe.fazenda.gov.br/portal/downloadd092.html]
[www.nfe.fazenda.gov.br/portal/infoEstatisticas.html]
[www.nfe.fazenda.gov.br/portal/perguntasFrequentes9003.html]
[www.nfe.fazenda.gov.br/portal/informe2fd8.html]
[www.nfe.fazenda.gov.br/portal/informe1545.html]
[www.nfe.fazenda.gov.br/portal/informe5923.html]
[www.nfe.fazenda.gov.br/portal/informe2d86.html]
[www.nfe.fazenda.gov.br/portal/informebdc2.html]
[www.nfe.fazenda.gov.br/portal/informe16a0.html]
[www.nfe.fazenda.gov.br/portal/imagens/filete_botao_buscar_fundo.html]
[www.nfe.fazenda.gov.br/portal/imagens/botao_buscar_On.html]
[www.nfe.fazenda.gov.br/portal/POST.html]
[www.nfe.fazenda.gov.br/portal/Firefox/index.html]
[www.nfe.fazenda.gov.br/portal/AppleWebKit/index.html]
[www.nfe.fazenda.gov.br/portal/Opera/index.html]
[www.nfe.fazenda.gov.br/portal/MicrosoftAjaxWebForms.html]
[www.nfe.fazenda.gov.br/portal/MicrosoftAjaxSerialization.html]
[www.nfe.fazenda.gov.br/portal/MicrosoftAjaxNetwork.html]
[www.nfe.fazenda.gov.br/portal/sobreNFebcea.html]
[www.nfe.fazenda.gov.br/portal/listaConteudob49f.html]
[www.nfe.fazenda.gov.br/portal/ScriptResourcec54e.js]
[www.nfe.fazenda.gov.br/portal/__.html]
[www.nfe.fazenda.gov.br/portal/__                exibirArquivo1f65.html]
[www.nfe.fazenda.gov.br/portal/__                exibirArquivo16c5.html]
[www.nfe.fazenda.gov.br/portal/__            listaHistorico66f9.html]
[www.nfe.fazenda.gov.br/portal/__                exibirArquivo9616.html]
[www.nfe.fazenda.gov.br/portal/__                exibirArquivof46c.html]
[www.nfe.fazenda.gov.br/portal/__                exibirArquivo8c8f.html]
[www.nfe.fazenda.gov.br/portal/__                exibirArquivo4491.html]
[www.nfe.fazenda.gov.br/portal/__                exibirArquivo8d0f.html]
[www.nfe.fazenda.gov.br/portal/__                exibirArquivoe634.html]
[www.nfe.fazenda.gov.br/portal/__                exibirArquivo6ab6.html]
[www.nfe.fazenda.gov.br/portal/__                exibirArquivoaacf.html]
[www.nfe.fazenda.gov.br/portal/__                exibirArquivobc15.html]
[www.nfe.fazenda.gov.br/portal/__                exibirArquivoa736.html]
[www.nfe.fazenda.gov.br/portal/__            listaHistorico533d.html]
[www.nfe.fazenda.gov.br/portal/__                exibirArquivo1189.html]
[www.nfe.fazenda.gov.br/portal/__                exibirArquivod78b.html]
[www.nfe.fazenda.gov.br/portal/__                exibirArquivo18bf.html]
[www.nfe.fazenda.gov.br/portal/__                exibirArquivob928.html]
[www.nfe.fazenda.gov.br/portal/__                exibirArquivo6de5.html]
[www.nfe.fazenda.gov.br/portal/__                exibirArquivoacc1.html]
[www.nfe.fazenda.gov.br/portal/__                exibirArquivoc3d3.html]
[www.nfe.fazenda.gov.br/portal/__                exibirArquivoe8bb.html]
[www.nfe.fazenda.gov.br/portal/__                exibirArquivo03d5.html]
[www.nfe.fazenda.gov.br/portal/__                exibirArquivoa90c.html]
[www.nfe.fazenda.gov.br/portal/__                exibirArquivo5052.html]
[www.nfe.fazenda.gov.br/portal/__                exibirArquivo3a73.html]
[www.nfe.fazenda.gov.br/portal/__                exibirArquivofd3d.html]
[www.nfe.fazenda.gov.br/portal/__                exibirArquivoe26c.html]
[www.nfe.fazenda.gov.br/portal/__                exibirArquivo9b75.html]
[www.nfe.fazenda.gov.br/portal/__                exibirArquivo3b2e.html]
[www.nfe.fazenda.gov.br/portal/__                exibirArquivo7f4e.html]
[www.nfe.fazenda.gov.br/portal/__                exibirArquivo54ee.html]
[www.nfe.fazenda.gov.br/portal/__                exibirArquivo41af.html]
[www.nfe.fazenda.gov.br/portal/__                exibirArquivo2ece.html]
[www.nfe.fazenda.gov.br/portal/__                exibirArquivodba4.html]
[www.nfe.fazenda.gov.br/portal/__                exibirArquivo45d1.html]
[www.nfe.fazenda.gov.br/portal/__                exibirArquivoc35d.html]
[www.nfe.fazenda.gov.br/portal/__                exibirArquivo69e6.html]
[www.nfe.fazenda.gov.br/portal/__                exibirArquivo9c0d.html]
[www.nfe.fazenda.gov.br/portal/__                exibirArquivo5fa4.html]
[www.nfe.fazenda.gov.br/portal/__                exibirArquivoa3b7.html]
[www.nfe.fazenda.gov.br/portal/__                exibirArquivoa3ed.html]
[www.nfe.fazenda.gov.br/portal/__                exibirArquivo6055.html]
[www.nfe.fazenda.gov.br/portal/__                exibirArquivobc79.html]
[www.nfe.fazenda.gov.br/portal/__                exibirArquivo5e60.html]
[www.nfe.fazenda.gov.br/portal/__                exibirArquivo49ab.html]
[www.nfe.fazenda.gov.br/portal/__                exibirArquivo0e20.html]
[www.nfe.fazenda.gov.br/portal/__                exibirArquivoc96b.html]
[www.nfe.fazenda.gov.br/portal/__                exibirArquivo6c7c.html]
[www.nfe.fazenda.gov.br/portal/__                exibirArquivoaa46.html]
[www.nfe.fazenda.gov.br/portal/__                exibirArquivoae7f.html]
[www.nfe.fazenda.gov.br/portal/__                exibirArquivo50e9.html]
[www.nfe.fazenda.gov.br/portal/__                exibirArquivoe37e.html]
[www.nfe.fazenda.gov.br/portal/__                exibirArquivoaec9.html]
[www.nfe.fazenda.gov.br/portal/__                exibirArquivoc952.html]
[www.nfe.fazenda.gov.br/portal/__                exibirArquivo7b05.html]
[www.nfe.fazenda.gov.br/portal/__                exibirArquivo9b95.html]
[www.nfe.fazenda.gov.br/portal/__                exibirArquivo2942.html]
[www.nfe.fazenda.gov.br/portal/__                exibirArquivo3827.html]
[www.nfe.fazenda.gov.br/portal/__                exibirArquivo4e37.html]
[www.nfe.fazenda.gov.br/portal/__                exibirArquivob0d8.html]
[www.nfe.fazenda.gov.br/portal/__                exibirArquivo4d95.html]
[www.nfe.fazenda.gov.br/portal/__                exibirArquivocebe.html]
[www.nfe.fazenda.gov.br/portal/__                exibirArquivo251f.html]
[www.nfe.fazenda.gov.br/portal/__                exibirArquivo15b5.html]
[www.nfe.fazenda.gov.br/portal/__                exibirArquivo8a6f.html]
[www.nfe.fazenda.gov.br/portal/__                exibirArquivoba97.html]
[www.nfe.fazenda.gov.br/portal/__                exibirArquivo8d51.html]
[www.nfe.fazenda.gov.br/portal/__                exibirArquivo8683.html]
[www.nfe.fazenda.gov.br/portal/__                exibirArquivocfb9.html]
[www.nfe.fazenda.gov.br/portal/__                exibirArquivo0205.html]
[www.nfe.fazenda.gov.br/portal/__                exibirArquivod63d.html]
[www.nfe.fazenda.gov.br/portal/__                exibirArquivoea34.html]
[www.nfe.fazenda.gov.br/portal/__                exibirArquivo4736.html]
[www.nfe.fazenda.gov.br/portal/__                exibirArquivod69c.html]
[www.nfe.fazenda.gov.br/portal/__                exibirArquivo96de.html]
[www.nfe.fazenda.gov.br/portal/__                exibirArquivo009e.html]
[www.nfe.fazenda.gov.br/portal/__                exibirArquivo753b.html]
[www.nfe.fazenda.gov.br/portal/__                exibirArquivo4202.html]
[www.nfe.fazenda.gov.br/portal/__                exibirArquivo9d84.html]
[www.nfe.fazenda.gov.br/portal/__                exibirArquivoec52.html]
[www.nfe.fazenda.gov.br/portal/__                exibirArquivo88b2.html]
[www.nfe.fazenda.gov.br/portal/__                exibirArquivo5017.html]
[www.nfe.fazenda.gov.br/portal/__                exibirArquivo936a.html]
[www.nfe.fazenda.gov.br/portal/__                exibirArquivo106d.html]
[www.nfe.fazenda.gov.br/portal/__                exibirArquivo76ee.html]
[www.nfe.fazenda.gov.br/portal/__                exibirArquivo2835.html]
[www.nfe.fazenda.gov.br/portal/__                exibirArquivo38a7.html]
[www.nfe.fazenda.gov.br/portal/__                exibirArquivo8738.html]
[www.nfe.fazenda.gov.br/portal/__                exibirArquivobb42.html]
[www.nfe.fazenda.gov.br/portal/__                exibirArquivo3ecd.html]
[www.nfe.fazenda.gov.br/portal/__                exibirArquivo7b2b.html]
[www.nfe.fazenda.gov.br/portal/__                exibirArquivo28d0.html]
[www.nfe.fazenda.gov.br/portal/__                exibirArquivobeea.html]
[www.nfe.fazenda.gov.br/portal/__                exibirArquivode3a.html]
[www.nfe.fazenda.gov.br/portal/__                exibirArquivo4857.html]
[www.nfe.fazenda.gov.br/portal/__                exibirArquivo06c4.html]
[www.nfe.fazenda.gov.br/portal/__                exibirArquivo7b13.html]
[www.nfe.fazenda.gov.br/portal/__                exibirArquivo21f7.html]
[www.nfe.fazenda.gov.br/portal/__                exibirArquivoc797.html]
[www.nfe.fazenda.gov.br/portal/__                exibirArquivoee89.html]
[www.nfe.fazenda.gov.br/portal/__                exibirArquivocaf3.html]
[www.nfe.fazenda.gov.br/portal/__                exibirArquivo47c1.html]
[www.nfe.fazenda.gov.br/portal/__                exibirArquivoee5b.html]
[www.nfe.fazenda.gov.br/portal/__                exibirArquivob94f.html]
[www.nfe.fazenda.gov.br/portal/__                exibirArquivofba0.html]
[www.nfe.fazenda.gov.br/portal/__                exibirArquivo6e02.html]
[www.nfe.fazenda.gov.br/portal/__                exibirArquivo7525.html]
[www.nfe.fazenda.gov.br/portal/__                exibirArquivofd1b.html]
[www.nfe.fazenda.gov.br/portal/__                exibirArquivocd13.html]
[www.nfe.fazenda.gov.br/portal/__                exibirArquivo2f43.html]
[www.nfe.fazenda.gov.br/portal/__                exibirArquivo3e43.html]
[www.nfe.fazenda.gov.br/portal/__                exibirArquivoce4a.html]
[www.nfe.fazenda.gov.br/portal/__                exibirArquivo9a10.html]
[www.nfe.fazenda.gov.br/portal/__                exibirArquivo1330.html]
[www.nfe.fazenda.gov.br/portal/__                exibirArquivo27f5.html]
[www.nfe.fazenda.gov.br/portal/__                exibirArquivoccfb.html]
[www.nfe.fazenda.gov.br/portal/__                exibirArquivo2057.html]
[www.nfe.fazenda.gov.br/portal/__                exibirArquivod5a7.html]
[www.nfe.fazenda.gov.br/portal/__                exibirArquivoc30a.html]
[www.nfe.fazenda.gov.br/portal/__                exibirArquivoee62.html]
[www.nfe.fazenda.gov.br/portal/__                exibirArquivo77e5.html]
[www.nfe.fazenda.gov.br/portal/__                exibirArquivo041d.html]
[www.nfe.fazenda.gov.br/portal/__                exibirArquivo51fb.html]
[www.nfe.fazenda.gov.br/portal/__                exibirArquivo1fb3.html]
[www.nfe.fazenda.gov.br/portal/__                exibirArquivo4637.html]
[www.nfe.fazenda.gov.br/portal/__                exibirArquivod28d.html]
[www.nfe.fazenda.gov.br/portal/__                exibirArquivo5772.html]
[www.nfe.fazenda.gov.br/portal/__                exibirArquivo0e01.html]
[www.nfe.fazenda.gov.br/portal/__                exibirArquivo27c7.html]
[www.nfe.fazenda.gov.br/portal/__                exibirArquivoc69c.html]
[www.nfe.fazenda.gov.br/portal/__                exibirArquivo4811.html]
[www.nfe.fazenda.gov.br/portal/__                exibirArquivo7591.html]
[www.nfe.fazenda.gov.br/portal/__                exibirArquivo07b4.html]
[www.nfe.fazenda.gov.br/portal/__                exibirArquivo082c.html]
[www.nfe.fazenda.gov.br/portal/__                exibirArquivo097b.html]
[www.nfe.fazenda.gov.br/portal/__                exibirArquivoa1f6.html]
[www.nfe.fazenda.gov.br/portal/__                exibirArquivo6917.html]
[www.nfe.fazenda.gov.br/portal/__                exibirArquivo68cd.html]
[www.nfe.fazenda.gov.br/portal/__                exibirArquivo5f41.html]
[www.nfe.fazenda.gov.br/portal/__                exibirArquivo2ab5.html]
[www.nfe.fazenda.gov.br/portal/__                exibirArquivob0ba.html]
[www.nfe.fazenda.gov.br/portal/__                exibirArquivo4ab2.html]
[www.nfe.fazenda.gov.br/portal/__                exibirArquivo1a2a.html]
[www.nfe.fazenda.gov.br/portal/__                exibirArquivo7c25.html]
[www.nfe.fazenda.gov.br/portal/__                exibirArquivoa4e8.html]
[www.nfe.fazenda.gov.br/portal/__                exibirArquivo57f1.html]
[www.nfe.fazenda.gov.br/portal/__                exibirArquivo9be2.html]
[www.nfe.fazenda.gov.br/portal/__                exibirArquivofda0.html]
[www.nfe.fazenda.gov.br/portal/__                exibirArquivo8e30.html]
[www.nfe.fazenda.gov.br/portal/__                exibirArquivod6d4.html]
[www.nfe.fazenda.gov.br/portal/__                exibirArquivoc96d.html]
[www.nfe.fazenda.gov.br/portal/__                exibirArquivo7164.html]
[www.nfe.fazenda.gov.br/portal/__                exibirArquivoe1f3.html]
[www.nfe.fazenda.gov.br/portal/__                exibirArquivoe519.html]
[www.nfe.fazenda.gov.br/portal/__                exibirArquivoa7dd.html]
[www.nfe.fazenda.gov.br/portal/__                exibirArquivo14b3.html]
[www.nfe.fazenda.gov.br/portal/__                exibirArquivo756c.html]
[www.nfe.fazenda.gov.br/portal/__                exibirArquivo5432.html]
[www.nfe.fazenda.gov.br/portal/__                exibirArquivoed75.html]
[www.nfe.fazenda.gov.br/portal/__                exibirArquivo4a38.html]
[www.nfe.fazenda.gov.br/portal/__                exibirArquivo1370.html]
[www.nfe.fazenda.gov.br/portal/__                exibirArquivocb05.html]
[www.nfe.fazenda.gov.br/portal/__                exibirArquivof09d.html]
[www.nfe.fazenda.gov.br/portal/__                exibirArquivodf27.html]
[www.nfe.fazenda.gov.br/portal/__                exibirArquivoed22.html]
[www.nfe.fazenda.gov.br/portal/__                exibirArquivo9fed.html]
[www.nfe.fazenda.gov.br/portal/__                exibirArquivo009b.html]
[www.nfe.fazenda.gov.br/portal/__                exibirArquivo134c.html]
[www.nfe.fazenda.gov.br/portal/__                exibirArquivo7603.html]
[www.nfe.fazenda.gov.br/portal/__                exibirArquivo122c.html]
[www.nfe.fazenda.gov.br/portal/__                exibirArquivoba3f.html]
[www.nfe.fazenda.gov.br/portal/__                exibirArquivo1a8e.html]
[www.nfe.fazenda.gov.br/portal/__                exibirArquivodd4b.html]
[www.nfe.fazenda.gov.br/portal/__                exibirArquivod385.html]
[www.nfe.fazenda.gov.br/portal/__                exibirArquivo0a8b.html]
[www.nfe.fazenda.gov.br/portal/__                exibirArquivo9e55.html]
[www.nfe.fazenda.gov.br/portal/__                exibirArquivobf4c.html]
[www.nfe.fazenda.gov.br/portal/__                exibirArquivo715d.html]
[www.nfe.fazenda.gov.br/portal/__                exibirArquivo9949.html]
[www.nfe.fazenda.gov.br/portal/__                exibirArquivoa059.html]
[www.nfe.fazenda.gov.br/portal/__                exibirArquivo6ccf.html]
[www.nfe.fazenda.gov.br/portal/__                exibirArquivoed7a.html]
[www.nfe.fazenda.gov.br/portal/__                exibirArquivoff4e.html]
[www.nfe.fazenda.gov.br/portal/__                exibirArquivoc519.html]
[www.nfe.fazenda.gov.br/portal/__                exibirArquivo8068.html]
[www.nfe.fazenda.gov.br/portal/__                exibirArquivod0e6.html]
[www.nfe.fazenda.gov.br/portal/__                exibirArquivoe0d1.html]
[www.nfe.fazenda.gov.br/portal/__                exibirArquivoda24.html]
[www.nfe.fazenda.gov.br/portal/__                exibirArquivoe357.html]
[www.nfe.fazenda.gov.br/portal/__                exibirArquivo8732.html]
[www.nfe.fazenda.gov.br/portal/__                exibirArquivo4692.html]
[www.nfe.fazenda.gov.br/portal/__                exibirArquivoe3b4.html]
[www.nfe.fazenda.gov.br/portal/__                exibirArquivo0358.html]
[www.nfe.fazenda.gov.br/portal/__                exibirArquivo85f4.html]
[www.nfe.fazenda.gov.br/portal/__                exibirArquivo9ebf.html]
[www.nfe.fazenda.gov.br/portal/__                exibirArquivoe176.html]
[www.nfe.fazenda.gov.br/portal/__                exibirArquivo45c5.html]
[www.nfe.fazenda.gov.br/portal/__                exibirArquivo59f3.html]
[www.nfe.fazenda.gov.br/portal/__                exibirArquivo769f.html]
[www.nfe.fazenda.gov.br/portal/__                exibirArquivo853d.html]
[www.nfe.fazenda.gov.br/portal/__                exibirArquivo9825.html]
[www.nfe.fazenda.gov.br/portal/__                exibirArquivo1770.html]
[www.nfe.fazenda.gov.br/portal/__                exibirArquivob539.html]
[www.nfe.fazenda.gov.br/portal/__                exibirArquivof6a7.html]
[www.nfe.fazenda.gov.br/portal/__                exibirArquivof8ae.html]
[www.nfe.fazenda.gov.br/portal/__                exibirArquivo3b53.html]
[www.nfe.fazenda.gov.br/portal/__                exibirArquivofbd4.html]
[www.nfe.fazenda.gov.br/portal/__                exibirArquivo38c8.html]
[www.nfe.fazenda.gov.br/portal/__                exibirArquivoe5a9.html]
[www.nfe.fazenda.gov.br/portal/__                exibirArquivof2e6.html]
[www.nfe.fazenda.gov.br/portal/__                exibirArquivoae84.html]
[www.nfe.fazenda.gov.br/portal/__                exibirArquivo86bf.html]
[www.nfe.fazenda.gov.br/portal/__                exibirArquivo89e1.html]
[www.nfe.fazenda.gov.br/portal/__                exibirArquivod89a.html]
[www.nfe.fazenda.gov.br/portal/__                exibirArquivoed49.html]
[www.nfe.fazenda.gov.br/portal/__                exibirArquivo9732.html]
[www.nfe.fazenda.gov.br/portal/__                exibirArquivo5261.html]
[www.nfe.fazenda.gov.br/portal/__                exibirArquivobbbc.html]
[www.nfe.fazenda.gov.br/portal/__                exibirArquivo636c.html]
[www.nfe.fazenda.gov.br/portal/__                exibirArquivo2b39.html]
[www.nfe.fazenda.gov.br/portal/__                exibirArquivobc32.html]
[www.nfe.fazenda.gov.br/portal/__                exibirArquivo537d.html]
[www.nfe.fazenda.gov.br/portal/__                exibirArquivo3c5c.html]
[www.nfe.fazenda.gov.br/portal/__                exibirArquivoe0bc.html]
[www.nfe.fazenda.gov.br/portal/__                exibirArquivoc4ca.html]
[www.nfe.fazenda.gov.br/portal/__                exibirArquivo2622.html]
[www.nfe.fazenda.gov.br/portal/__                exibirArquivoc56f.html]
[www.nfe.fazenda.gov.br/portal/__                exibirArquivo7c29.html]
[www.nfe.fazenda.gov.br/portal/__                exibirArquivo0f75.html]
[www.nfe.fazenda.gov.br/portal/__                exibirArquivo63c5.html]
[www.nfe.fazenda.gov.br/portal/__                exibirArquivoa639.html]
[www.nfe.fazenda.gov.br/portal/__                exibirArquivoe344.html]
[www.nfe.fazenda.gov.br/portal/__                exibirArquivoc684.html]
[www.nfe.fazenda.gov.br/portal/__                exibirArquivoa308.html]
[www.nfe.fazenda.gov.br/portal/__                exibirArquivo0bd6.html]
[www.nfe.fazenda.gov.br/portal/__                exibirArquivo2f34.html]
[www.nfe.fazenda.gov.br/portal/__                exibirArquivo2efc.html]
[www.nfe.fazenda.gov.br/portal/__                exibirArquivo25cb.html]
[www.nfe.fazenda.gov.br/portal/__                exibirArquivo808b.html]
[www.nfe.fazenda.gov.br/portal/__                exibirArquivo4ac4.html]
[www.nfe.fazenda.gov.br/portal/__                exibirArquivoe9d2.html]
[www.nfe.fazenda.gov.br/portal/__                exibirArquivob718.html]
[www.nfe.fazenda.gov.br/portal/__                exibirArquivocc41.html]
[www.nfe.fazenda.gov.br/portal/__                exibirArquivoe3e2.html]
[www.nfe.fazenda.gov.br/portal/__                exibirArquivo5749.html]
[www.nfe.fazenda.gov.br/portal/__                exibirArquivo6b12.html]
[www.nfe.fazenda.gov.br/portal/__                exibirArquivo15f4.html]
[www.nfe.fazenda.gov.br/portal/__                exibirArquivof5da.html]
[www.nfe.fazenda.gov.br/portal/__                exibirArquivo1080.html]
[www.nfe.fazenda.gov.br/portal/__                exibirArquivo3d79.html]
[www.nfe.fazenda.gov.br/portal/__                exibirArquivo8726.html]
[www.nfe.fazenda.gov.br/portal/__                exibirArquivo81c0.html]
[www.nfe.fazenda.gov.br/portal/__                exibirArquivoae61.html]
[www.nfe.fazenda.gov.br/portal/__                exibirArquivo1782.html]
[www.nfe.fazenda.gov.br/portal/__                exibirArquivodda1.html]
[www.nfe.fazenda.gov.br/portal/__                exibirArquivoa579.html]
[www.nfe.fazenda.gov.br/portal/__                exibirArquivo31bb.html]
[www.nfe.fazenda.gov.br/portal/__                exibirArquivo305c.html]
[www.nfe.fazenda.gov.br/portal/__                exibirArquivod106.html]
[www.nfe.fazenda.gov.br/portal/__                exibirArquivo3f60.html]
[www.nfe.fazenda.gov.br/portal/__                exibirArquivoa20c.html]
[www.nfe.fazenda.gov.br/portal/__                exibirArquivo09f3.html]
[www.nfe.fazenda.gov.br/portal/__                exibirArquivof14d.html]
[www.nfe.fazenda.gov.br/portal/__                exibirArquivo0df5.html]
[www.nfe.fazenda.gov.br/portal/__                exibirArquivo5fa4-2.html]
[www.nfe.fazenda.gov.br/portal/__                exibirArquivoa7b4.html]
[www.nfe.fazenda.gov.br/portal/__                exibirArquivo2499.html]
[www.nfe.fazenda.gov.br/portal/__                exibirArquivoad7a.html]
[www.nfe.fazenda.gov.br/portal/__                exibirArquivoe909.html]
[www.nfe.fazenda.gov.br/portal/__                exibirArquivo8130.html]
[www.nfe.fazenda.gov.br/portal/__                exibirArquivo3256.html]
[www.nfe.fazenda.gov.br/portal/__                exibirArquivo31d0.html]
[www.nfe.fazenda.gov.br/portal/__                exibirArquivoc007.html]
[www.nfe.fazenda.gov.br/portal/__                exibirArquivo3d19.html]
[www.nfe.fazenda.gov.br/portal/__                exibirArquivo050d.html]
[www.nfe.fazenda.gov.br/portal/__                exibirArquivoa90c-2.html]
[www.nfe.fazenda.gov.br/portal/__                exibirArquivo5327.html]
[www.nfe.fazenda.gov.br/portal/__                exibirArquivo7fac.html]
[www.nfe.fazenda.gov.br/portal/__                exibirArquivo8357.html]
[www.nfe.fazenda.gov.br/portal/__                exibirArquivocb2e.html]
[www.nfe.fazenda.gov.br/portal/__                exibirArquivo4e2b.html]
[www.nfe.fazenda.gov.br/portal/__                exibirArquivoe9dd.html]
[www.nfe.fazenda.gov.br/portal/__                exibirArquivo5d42.html]
[www.nfe.fazenda.gov.br/portal/__                exibirArquivo8295.html]
[www.nfe.fazenda.gov.br/portal/__                exibirArquivoc46c.html]
[www.nfe.fazenda.gov.br/portal/__                exibirArquivo0c25.html]
[www.nfe.fazenda.gov.br/portal/__                exibirArquivo3f73.html]
[www.nfe.fazenda.gov.br/portal/__                exibirArquivo2b91.html]
[www.nfe.fazenda.gov.br/portal/__                exibirArquivo8c34.html]
[www.nfe.fazenda.gov.br/portal/__                exibirArquivo3d4a.html]
[www.nfe.fazenda.gov.br/portal/__                exibirArquivo60e9.html]
[www.nfe.fazenda.gov.br/portal/__                exibirArquivo8955.html]
[www.nfe.fazenda.gov.br/portal/__                exibirArquivo4d09.html]
[www.nfe.fazenda.gov.br/portal/__                exibirArquivoc305.html]
[www.nfe.fazenda.gov.br/portal/__                exibirArquivoed9c.html]
[www.nfe.fazenda.gov.br/portal/__                exibirArquivo7388.html]
[www.nfe.fazenda.gov.br/portal/__                exibirArquivo7158.html]
[www.nfe.fazenda.gov.br/portal/__                exibirArquivod632.html]
[www.nfe.fazenda.gov.br/portal/__                exibirArquivo7f2d.html]
[www.nfe.fazenda.gov.br/portal/__                exibirArquivo7ed7.html]
[www.nfe.fazenda.gov.br/portal/__                exibirArquivo6ad1.html]
[www.nfe.fazenda.gov.br/portal/__                exibirArquivobdcd.html]
[www.nfe.fazenda.gov.br/portal/__                exibirArquivo9429.html]
[www.nfe.fazenda.gov.br/portal/__                exibirArquivo72c8.html]
[www.nfe.fazenda.gov.br/portal/__                exibirArquivo1756.html]
[www.nfe.fazenda.gov.br/portal/__                exibirArquivo9937.html]
[www.nfe.fazenda.gov.br/portal/__                exibirArquivofbb2.html]
[www.nfe.fazenda.gov.br/portal/__                exibirArquivo135f.html]
[www.nfe.fazenda.gov.br/portal/__                exibirArquivo5d77.html]
[www.nfe.fazenda.gov.br/portal/__                exibirArquivo39cd.html]
[www.nfe.fazenda.gov.br/portal/__                exibirArquivofbb0.html]
[www.nfe.fazenda.gov.br/portal/__                exibirArquivoa0ec.html]
[www.nfe.fazenda.gov.br/portal/__                exibirArquivo1f04.html]
[www.nfe.fazenda.gov.br/portal/__                exibirArquivoaf5d.html]
[www.nfe.fazenda.gov.br/portal/__                exibirArquivo2cde.html]
[www.nfe.fazenda.gov.br/portal/__                exibirArquivo4853.html]
[www.nfe.fazenda.gov.br/portal/__                exibirArquivo9dbe.html]
[www.nfe.fazenda.gov.br/portal/__                exibirArquivoa78d.html]
[www.nfe.fazenda.gov.br/portal/__                exibirArquivo0fa5.html]
[www.nfe.fazenda.gov.br/portal/__                exibirArquivoba1f.html]
[www.nfe.fazenda.gov.br/portal/__                exibirArquivo96ff.html]
[www.nfe.fazenda.gov.br/portal/__                exibirArquivoc3ae.html]
[www.nfe.fazenda.gov.br/portal/__                exibirArquivo2beb.html]
[www.nfe.fazenda.gov.br/portal/__                exibirArquivo8bba.html]
[www.nfe.fazenda.gov.br/portal/__                exibirArquivo21b1.html]
[www.nfe.fazenda.gov.br/portal/__                exibirArquivo625e.html]
[www.nfe.fazenda.gov.br/portal/__                exibirArquivo1485.html]
[www.nfe.fazenda.gov.br/portal/__                exibirArquivocd9d.html]
[www.nfe.fazenda.gov.br/portal/__                exibirArquivodd37.html]
[www.nfe.fazenda.gov.br/portal/__                exibirArquivo31b3.html]
[www.nfe.fazenda.gov.br/portal/__                exibirArquivo6709.html]
[www.nfe.fazenda.gov.br/portal/__                exibirArquivo03fd.html]
[www.nfe.fazenda.gov.br/portal/__                exibirArquivo7dfd.html]
[www.nfe.fazenda.gov.br/portal/__                exibirArquivob9d9.html]
[www.nfe.fazenda.gov.br/portal/__                exibirArquivo6468.html]
[www.nfe.fazenda.gov.br/portal/__                exibirArquivof406.html]
[www.nfe.fazenda.gov.br/portal/__                exibirArquivo89d1.html]
[www.nfe.fazenda.gov.br/portal/__                exibirArquivoeae0.html]
[www.nfe.fazenda.gov.br/portal/__                exibirArquivo3210.html]
[www.nfe.fazenda.gov.br/portal/__                exibirArquivo9fca.html]
[www.nfe.fazenda.gov.br/portal/__                exibirArquivo8cd3.html]
[www.nfe.fazenda.gov.br/portal/__                exibirArquivoc4b8.html]
[www.nfe.fazenda.gov.br/portal/__                exibirArquivo442f.html]
[www.nfe.fazenda.gov.br/portal/__                exibirArquivo618e.html]
[www.nfe.fazenda.gov.br/portal/__                exibirArquivo9584.html]
[www.nfe.fazenda.gov.br/portal/__                exibirArquivo1a6a.html]
[www.nfe.fazenda.gov.br/portal/__                exibirArquivo2f9e.html]
[www.nfe.fazenda.gov.br/portal/__                exibirArquivo18c8.html]
[www.nfe.fazenda.gov.br/portal/__                exibirArquivo44e0.html]
[www.nfe.fazenda.gov.br/portal/__                exibirArquivo96da.html]
[www.nfe.fazenda.gov.br/portal/__                exibirArquivo88d3.html]
[www.nfe.fazenda.gov.br/portal/__                exibirArquivoda10.html]
[www.nfe.fazenda.gov.br/portal/__                exibirArquivobc71.html]
[www.nfe.fazenda.gov.br/portal/__                exibirArquivo6341.html]
[www.nfe.fazenda.gov.br/portal/__                exibirArquivo2a0a.html]
[www.nfe.fazenda.gov.br/portal/__                exibirArquivo136e.html]
[www.nfe.fazenda.gov.br/portal/__                exibirArquivoe11b.html]
[www.nfe.fazenda.gov.br/portal/__                exibirArquivo5d4e.html]
[www.nfe.fazenda.gov.br/portal/__                exibirArquivoa1ba.html]
[www.nfe.fazenda.gov.br/portal/__                exibirArquivo30a0.html]
[www.nfe.fazenda.gov.br/portal/__                exibirArquivo4dc1.html]
[www.nfe.fazenda.gov.br/portal/__                exibirArquivo9c4e.html]
[www.nfe.fazenda.gov.br/portal/__                exibirArquivoa4b2.html]
[www.nfe.fazenda.gov.br/portal/__                exibirArquivo23ff.html]
[www.nfe.fazenda.gov.br/portal/__                exibirArquivo9cb6.html]
[www.nfe.fazenda.gov.br/portal/__                exibirArquivo16d9.html]
[www.nfe.fazenda.gov.br/portal/__                exibirArquivo919e.html]
[www.nfe.fazenda.gov.br/portal/__                exibirArquivode8a.html]
[www.nfe.fazenda.gov.br/portal/__                exibirArquivo1006.html]
[www.nfe.fazenda.gov.br/portal/__                exibirArquivo9cc2.html]
[www.nfe.fazenda.gov.br/portal/__                exibirArquivo229f.html]
[www.nfe.fazenda.gov.br/portal/__                exibirArquivo4941.html]
[www.nfe.fazenda.gov.br/portal/__                exibirArquivo22f4.html]
[www.nfe.fazenda.gov.br/portal/__                exibirArquivocb38.html]
[www.nfe.fazenda.gov.br/portal/__                exibirArquivo5ce1.html]
[www.nfe.fazenda.gov.br/portal/__                exibirArquivoffb3.html]
[www.nfe.fazenda.gov.br/portal/__                exibirArquivob184.html]
[www.nfe.fazenda.gov.br/portal/__                exibirArquivo9114.html]
[www.nfe.fazenda.gov.br/portal/__                exibirArquivo4d04.html]
[www.nfe.fazenda.gov.br/portal/__                exibirArquivoad86.html]
[www.nfe.fazenda.gov.br/portal/__                exibirArquivoc432.html]
[www.nfe.fazenda.gov.br/portal/__                exibirArquivoa582.html]
[www.nfe.fazenda.gov.br/portal/__                exibirArquivo99f5.html]
[www.nfe.fazenda.gov.br/portal/__                exibirArquivo7862.html]
[www.nfe.fazenda.gov.br/portal/__                exibirArquivobfb2.html]
[www.nfe.fazenda.gov.br/portal/__                exibirArquivo887a.html]
[www.nfe.fazenda.gov.br/portal/__                exibirArquivo81f9.html]
[www.nfe.fazenda.gov.br/portal/__                exibirArquivoef29.html]
[www.nfe.fazenda.gov.br/portal/__                exibirArquivo812d.html]
[www.nfe.fazenda.gov.br/portal/__                exibirArquivo89d8.html]
[www.nfe.fazenda.gov.br/portal/__                exibirArquivo5981.html]
[www.nfe.fazenda.gov.br/portal/__                exibirArquivoa9b5.html]
[www.nfe.fazenda.gov.br/portal/__                exibirArquivo6648.html]
[www.nfe.fazenda.gov.br/portal/__                exibirArquivo839d.html]
[www.nfe.fazenda.gov.br/portal/__                exibirArquivo69cc.html]
[www.nfe.fazenda.gov.br/portal/__                exibirArquivofde7.html]
[www.nfe.fazenda.gov.br/portal/__                exibirArquivo7640.html]
[www.nfe.fazenda.gov.br/portal/__                exibirArquivodca9.html]
[www.nfe.fazenda.gov.br/portal/__                exibirArquivoc479.html]
[www.nfe.fazenda.gov.br/portal/__                exibirArquivo0aab.html]
[www.nfe.fazenda.gov.br/portal/__                exibirArquivo4bd5.html]
[www.nfe.fazenda.gov.br/portal/__                exibirArquivo3234.html]
[www.nfe.fazenda.gov.br/portal/__                exibirArquivo68df.html]
[www.nfe.fazenda.gov.br/portal/__                exibirArquivoa725.html]
[www.nfe.fazenda.gov.br/portal/__                exibirArquivo65e3.html]
[www.nfe.fazenda.gov.br/portal/__                exibirArquivoc47c.html]
[www.nfe.fazenda.gov.br/portal/__                exibirArquivob788.html]
[www.nfe.fazenda.gov.br/portal/__                exibirArquivoa3d5.html]
[www.nfe.fazenda.gov.br/portal/__                exibirArquivo9137.html]
[www.nfe.fazenda.gov.br/portal/__                exibirArquivo487d.html]
[www.nfe.fazenda.gov.br/portal/__                exibirArquivo81c4.html]
[www.nfe.fazenda.gov.br/portal/__                exibirArquivo166a.html]
[www.nfe.fazenda.gov.br/portal/__                exibirArquivo0e1f.html]
[www.nfe.fazenda.gov.br/portal/__                exibirArquivodc77.html]
[www.nfe.fazenda.gov.br/portal/__                exibirArquivo5fac.html]
[www.nfe.fazenda.gov.br/portal/__                exibirArquivo304e.html]
[www.nfe.fazenda.gov.br/portal/__                exibirArquivo078c.html]
[www.nfe.fazenda.gov.br/portal/__                exibirArquivoff32.html]
[www.nfe.fazenda.gov.br/portal/__                exibirArquivo749b.html]
[www.nfe.fazenda.gov.br/portal/__                exibirArquivo6f9e.html]
[www.nfe.fazenda.gov.br/portal/__                exibirArquivo9a26.html]
[www.nfe.fazenda.gov.br/portal/__                exibirArquivof209.html]
[www.nfe.fazenda.gov.br/portal/__                exibirArquivo57e6.html]
[www.nfe.fazenda.gov.br/portal/__                exibirArquivo42f0.html]
[www.nfe.fazenda.gov.br/portal/__                exibirArquivo507e.html]
[www.nfe.fazenda.gov.br/portal/__                exibirArquivo8780.html]
[www.nfe.fazenda.gov.br/portal/__                exibirArquivo703b.html]
[www.nfe.fazenda.gov.br/portal/__                exibirArquivo3c42.html]
[www.nfe.fazenda.gov.br/portal/__                exibirArquivo2e9b.html]
[www.nfe.fazenda.gov.br/portal/__                exibirArquivoe69a.html]
[www.nfe.fazenda.gov.br/portal/__                exibirArquivo2eac.html]
[www.nfe.fazenda.gov.br/portal/__                exibirArquivo4e4e.html]
[www.nfe.fazenda.gov.br/portal/__                exibirArquivod3f7.html]
[www.nfe.fazenda.gov.br/portal/__                exibirArquivoaab3.html]
[www.nfe.fazenda.gov.br/portal/__                exibirArquivo5b2a.html]
[www.nfe.fazenda.gov.br/portal/__                exibirArquivod07f.html]
[www.nfe.fazenda.gov.br/portal/__                exibirArquivod43e.html]
[www.nfe.fazenda.gov.br/portal/__                exibirArquivo972a.html]
[www.nfe.fazenda.gov.br/portal/__                exibirArquivo2e7e.html]
[www.nfe.fazenda.gov.br/portal/__                exibirArquivo8b1b.html]
[www.nfe.fazenda.gov.br/portal/__                exibirArquivo16d1.html]
[www.nfe.fazenda.gov.br/portal/__                exibirArquivo1372.html]
[www.nfe.fazenda.gov.br/portal/__                exibirArquivo0e59.html]
[www.nfe.fazenda.gov.br/portal/__                exibirArquivo7320.html]
[www.nfe.fazenda.gov.br/portal/__                exibirArquivof9f0.html]
[www.nfe.fazenda.gov.br/portal/__                exibirArquivo6f63.html]
[www.nfe.fazenda.gov.br/portal/__                exibirArquivo4323.html]
[www.nfe.fazenda.gov.br/portal/__                exibirArquivo7bad.html]
[www.nfe.fazenda.gov.br/portal/__                exibirArquivof525.html]
[www.nfe.fazenda.gov.br/portal/__                exibirArquivo785d.html]
[www.nfe.fazenda.gov.br/portal/__                exibirArquivo6261.html]
[www.nfe.fazenda.gov.br/portal/__                exibirArquivo5fd2.html]
[www.nfe.fazenda.gov.br/portal/__                exibirArquivo06e2.html]
[www.nfe.fazenda.gov.br/portal/__                exibirArquivobbce.html]
[www.nfe.fazenda.gov.br/portal/__                exibirArquivo3908.html]
[www.nfe.fazenda.gov.br/portal/__                exibirArquivo604a.html]
[www.nfe.fazenda.gov.br/portal/__                exibirArquivo06f0.html]
[www.nfe.fazenda.gov.br/portal/__                exibirArquivoa36e.html]
[www.nfe.fazenda.gov.br/portal/__                exibirArquivo975e.html]
[www.nfe.fazenda.gov.br/portal/__                exibirArquivo1bfb.html]
[www.nfe.fazenda.gov.br/portal/__                exibirArquivo6ad2.html]
[www.nfe.fazenda.gov.br/portal/__                exibirArquivo685c.html]
[www.nfe.fazenda.gov.br/portal/__                exibirArquivo7ee3.html]
[www.nfe.fazenda.gov.br/portal/__                exibirArquivo23ef.html]
[www.nfe.fazenda.gov.br/portal/__                exibirArquivoe96e.html]
[www.nfe.fazenda.gov.br/portal/__                exibirArquivo4893.html]
[www.nfe.fazenda.gov.br/portal/__                exibirArquivobcdb.html]
[www.nfe.fazenda.gov.br/portal/__                exibirArquivoc67e.html]
[www.nfe.fazenda.gov.br/portal/__                exibirArquivo9736.html]
[www.nfe.fazenda.gov.br/portal/__                exibirArquivo13c5.html]
[www.nfe.fazenda.gov.br/portal/__                exibirArquivod737.html]
[www.nfe.fazenda.gov.br/portal/__                exibirArquivo5a83.html]
[www.nfe.fazenda.gov.br/portal/__                exibirArquivo5952.html]
[www.nfe.fazenda.gov.br/portal/__                exibirArquivo213c.html]
[www.nfe.fazenda.gov.br/portal/__                exibirArquivoa7ef.html]
[www.nfe.fazenda.gov.br/portal/__                exibirArquivo8c4c.html]
[www.nfe.fazenda.gov.br/portal/__                exibirArquivo4830.html]
[www.nfe.fazenda.gov.br/portal/__                exibirArquivo0d7d.html]
[www.nfe.fazenda.gov.br/portal/__                exibirArquivo4ea7.html]
[www.nfe.fazenda.gov.br/portal/__                exibirArquivoa108.html]
[www.nfe.fazenda.gov.br/portal/__                exibirArquivo6934.html]
[www.nfe.fazenda.gov.br/portal/__                exibirArquivo4573.html]
[www.nfe.fazenda.gov.br/portal/__                exibirArquivo637a.html]
[www.nfe.fazenda.gov.br/portal/__                exibirArquivo8487.html]
[www.nfe.fazenda.gov.br/portal/__                exibirArquivo4f9a.html]
[www.nfe.fazenda.gov.br/portal/__                exibirArquivod331.html]
[www.nfe.fazenda.gov.br/portal/__                exibirArquivo46ab.html]
[www.nfe.fazenda.gov.br/portal/__                exibirArquivo1f18.html]
[www.nfe.fazenda.gov.br/portal/__                exibirArquivo5aeb.html]
[www.nfe.fazenda.gov.br/portal/__                exibirArquivodd97.html]
[www.nfe.fazenda.gov.br/portal/__                exibirArquivo9685.html]
[www.nfe.fazenda.gov.br/portal/__                exibirArquivod831.html]
[www.nfe.fazenda.gov.br/portal/__                exibirArquivoc52b.html]
[www.nfe.fazenda.gov.br/portal/__                exibirArquivo9290.html]
[www.nfe.fazenda.gov.br/portal/__                exibirArquivof71c.html]
[www.nfe.fazenda.gov.br/portal/__                exibirArquivo87c0.html]
[www.nfe.fazenda.gov.br/portal/__                exibirArquivob215.html]
[www.nfe.fazenda.gov.br/portal/__                exibirArquivo2a77.html]
[www.nfe.fazenda.gov.br/portal/__                exibirArquivo85ba.html]
[www.nfe.fazenda.gov.br/portal/__                exibirArquivo8e55.html]
[www.nfe.fazenda.gov.br/portal/__                exibirArquivof5f8.html]
[www.nfe.fazenda.gov.br/portal/__                exibirArquivoc68a.html]
[www.nfe.fazenda.gov.br/portal/__                exibirArquivo577e.html]
[www.nfe.fazenda.gov.br/portal/__                exibirArquivo3708.html]
[www.nfe.fazenda.gov.br/portal/__                exibirArquivo41ef.html]
[www.nfe.fazenda.gov.br/portal/__                exibirArquivo40f0.html]
[www.nfe.fazenda.gov.br/portal/__                exibirArquivobf4c-2.html]
[www.nfe.fazenda.gov.br/portal/__                exibirArquivo9263.html]
[www.nfe.fazenda.gov.br/portal/__                exibirArquivo925f.html]
[www.nfe.fazenda.gov.br/portal/__                exibirArquivo3cc4.html]
[www.nfe.fazenda.gov.br/portal/__                exibirArquivofaba.html]
[www.nfe.fazenda.gov.br/portal/__                exibirArquivo6864.html]
[www.nfe.fazenda.gov.br/portal/__                exibirArquivoc865.html]
[www.nfe.fazenda.gov.br/portal/__                exibirArquivoff69.html]
[www.nfe.fazenda.gov.br/portal/__                exibirArquivo830d.html]
[www.nfe.fazenda.gov.br/portal/__                exibirArquivo50f0.html]
[www.nfe.fazenda.gov.br/portal/__                exibirArquivo610e.html]
[www.nfe.fazenda.gov.br/portal/__                exibirArquivo8f37.html]
[www.nfe.fazenda.gov.br/portal/__                exibirArquivo5aba.html]
[www.nfe.fazenda.gov.br/portal/__                exibirArquivo3cd2.html]
[www.nfe.fazenda.gov.br/portal/__                exibirArquivo4133.html]
[www.nfe.fazenda.gov.br/portal/__                exibirArquivo2750.html]
[www.nfe.fazenda.gov.br/portal/__                exibirArquivo901b.html]
[www.nfe.fazenda.gov.br/portal/__                exibirArquivod2ac.html]
[www.nfe.fazenda.gov.br/portal/__                exibirArquivo7658.html]
[www.nfe.fazenda.gov.br/portal/__                exibirArquivo26aa.html]
[www.nfe.fazenda.gov.br/portal/__                exibirArquivo8160.html]
[www.nfe.fazenda.gov.br/portal/__                exibirArquivo8354.html]
[www.nfe.fazenda.gov.br/portal/__                exibirArquivo5390.html]
[www.nfe.fazenda.gov.br/portal/__                exibirArquivoc623.html]
[www.nfe.fazenda.gov.br/portal/__                exibirArquivob482.html]
[www.nfe.fazenda.gov.br/portal/__                exibirArquivo2a03.html]
[www.nfe.fazenda.gov.br/portal/__                exibirArquivo4659.html]
[www.nfe.fazenda.gov.br/portal/__                exibirArquivoa60b.html]
[www.nfe.fazenda.gov.br/portal/__                exibirArquivofadf.html]
[www.nfe.fazenda.gov.br/portal/__                exibirArquivo9537.html]
[www.nfe.fazenda.gov.br/portal/__                exibirArquivo0d1a.html]
[www.nfe.fazenda.gov.br/portal/__                exibirArquivode0d.html]
[www.nfe.fazenda.gov.br/portal/__                exibirArquivo7f54.html]
[www.nfe.fazenda.gov.br/portal/__                exibirArquivo914f.html]
[www.nfe.fazenda.gov.br/portal/__                exibirArquivoce56.html]
[www.nfe.fazenda.gov.br/portal/__                exibirArquivo446e.html]
[www.nfe.fazenda.gov.br/portal/__                exibirArquivod859.html]
[www.nfe.fazenda.gov.br/portal/__                exibirArquivoacc8.html]
[www.nfe.fazenda.gov.br/portal/__                exibirArquivo2258.html]
[www.nfe.fazenda.gov.br/portal/__                exibirArquivo550b.html]
[www.nfe.fazenda.gov.br/portal/__                exibirArquivo7763.html]
[www.nfe.fazenda.gov.br/portal/__                exibirArquivo401f.html]
[www.nfe.fazenda.gov.br/portal/__                exibirArquivobc66.html]
[www.nfe.fazenda.gov.br/portal/__                exibirArquivobb0f.html]
[www.nfe.fazenda.gov.br/portal/__                exibirArquivofc01.html]
[www.nfe.fazenda.gov.br/portal/__                exibirArquivo7581.html]
[www.nfe.fazenda.gov.br/portal/__                exibirArquivo4f44.html]
[www.nfe.fazenda.gov.br/portal/__                exibirArquivoc5c0.html]
[www.nfe.fazenda.gov.br/portal/__                exibirArquivo810d.html]
[www.nfe.fazenda.gov.br/portal/__                exibirArquivob747.html]
[www.nfe.fazenda.gov.br/portal/__                exibirArquivo1794.html]
[www.nfe.fazenda.gov.br/portal/__                exibirArquivof8af.html]
[www.nfe.fazenda.gov.br/portal/__                            exibirArquivoe03e.html]
[www.nfe.fazenda.gov.br/portal/__                            exibirArquivo0926.html]
[www.nfe.fazenda.gov.br/portal/__                            exibirArquivo68de.html]
[www.nfe.fazenda.gov.br/portal/__                            exibirArquivof103.html]
[www.nfe.fazenda.gov.br/portal/__                          exibirArquivo9b88.html]
[www.nfe.fazenda.gov.br/portal/__                          exibirArquivocdaf.html]
[www.nfe.fazenda.gov.br/portal/__                      perguntasFrequentes1619.html]
[www.nfe.fazenda.gov.br/portal/__                      perguntasFrequentes1a99.html]
[www.nfe.fazenda.gov.br/portal/__                      perguntasFrequentes88ed.html]
[www.nfe.fazenda.gov.br/portal/__                            perguntasFrequentes88ed.html]
[www.nfe.fazenda.gov.br/portal/__                      perguntasFrequentes5fbe.html]
[www.nfe.fazenda.gov.br/portal/__                      perguntasFrequentesd831.html]
[www.nfe.fazenda.gov.br/portal/__                      perguntasFrequentese19e.html]
[www.nfe.fazenda.gov.br/portal/__                      perguntasFrequentes56ec.html]
[www.nfe.fazenda.gov.br/portal/__                      perguntasFrequentes030c.html]
[www.nfe.fazenda.gov.br/portal/__                      perguntasFrequentes792d.html]
[www.nfe.fazenda.gov.br/portal/informe9031.html]
[www.nfe.fazenda.gov.br/portal/__                exibirArquivob24c.html]
[www.nfe.fazenda.gov.br/portal/__                exibirArquivo475b.html]
[www.nfe.fazenda.gov.br/portal/__                exibirArquivo519b.html]
[www.nfe.fazenda.gov.br/portal/__                exibirArquivoeed6.html]
[www.nfe.fazenda.gov.br/portal/informe3fab.html]
[www.nfe.fazenda.gov.br/portal/informe84eb.html]
[www.nfe.fazenda.gov.br/portal/informe15ca.html]
[www.nfe.fazenda.gov.br/portal/informe5e80.html]
[www.nfe.fazenda.gov.br/portal/informeb88b.html]
[www.nfe.fazenda.gov.br/portal/informe8603.html]
[www.nfe.fazenda.gov.br/portal/informe65cf.html]
[www.nfe.fazenda.gov.br/portal/informe55e2.html]
[www.nfe.fazenda.gov.br/portal/informea086.html]
[www.nfe.fazenda.gov.br/portal/informe6613.html]
[www.nfe.fazenda.gov.br/portal/informec932.html]
[www.nfe.fazenda.gov.br/portal/informe0cd8.html]
[www.nfe.fazenda.gov.br/portal/informef694.html]
[www.nfe.fazenda.gov.br/portal/informe09c8.html]
[www.nfe.fazenda.gov.br/portal/informed4a9.html]
[www.nfe.fazenda.gov.br/portal/informe03c8.html]
[www.nfe.fazenda.gov.br/portal/NT2014.002_v1.13 a 1.15 - WsNFeDistribuicaoDFef406.pdf]
[www.nfe.fazenda.gov.br/portal/informedc31.html]
[www.nfe.fazenda.gov.br/portal/informe2950.html]
[www.nfe.fazenda.gov.br/portal/informe41dc.html]
[www.nfe.fazenda.gov.br/portal/informe8d5c.html]
[www.nfe.fazenda.gov.br/portal/informeb1d1.html]
[www.nfe.fazenda.gov.br/portal/informe68b1.html]
[www.nfe.fazenda.gov.br/portal/informeb388.html]
[www.nfe.fazenda.gov.br/portal/informeb7a5.html]
[www.nfe.fazenda.gov.br/portal/informedd8b.html]
[www.nfe.fazenda.gov.br/portal/informeecdd.html]
[www.nfe.fazenda.gov.br/portal/informe1081.html]
[www.nfe.fazenda.gov.br/portal/informec342.html]
[www.nfe.fazenda.gov.br/portal/informe6835.html]
[www.nfe.fazenda.gov.br/portal/informefada.html]
[www.nfe.fazenda.gov.br/portal/informe37bc.html]
[www.nfe.fazenda.gov.br/portal/informe1101.html]
[www.nfe.fazenda.gov.br/portal/informee1bb.html]
[www.nfe.fazenda.gov.br/portal/informeb29f.html]
[www.nfe.fazenda.gov.br/portal/informe2bb6.html]
[www.nfe.fazenda.gov.br/portal/informea375.html]
[www.nfe.fazenda.gov.br/portal/informe87d9.html]
[www.nfe.fazenda.gov.br/portal/informeb944.html]
[www.nfe.fazenda.gov.br/portal/informea59e.html]
[www.nfe.fazenda.gov.br/portal/informe18f6.html]
[www.nfe.fazenda.gov.br/portal/informe4a46.html]
[www.nfe.fazenda.gov.br/portal/cadeia_www1.nfe.fazenda.gov.br2a77.p7b]
[www.nfe.fazenda.gov.br/portal/informe3848.html]
[www.nfe.fazenda.gov.br/portal/informe3930.html]
[www.nfe.fazenda.gov.br/portal/informef258.html]
[www.nfe.fazenda.gov.br/portal/informe92b4.html]
[www.nfe.fazenda.gov.br/portal/informea06b.html]
[www.nfe.fazenda.gov.br/portal/informe3d76.html]
[www.nfe.fazenda.gov.br/portal/exibirArquivo9c95.html]
[www.nfe.fazenda.gov.br/portal/informe87ed.html]
[www.nfe.fazenda.gov.br/portal/informecaaf.html]
[www.nfe.fazenda.gov.br/portal/informe0c05.html]
[www.nfe.fazenda.gov.br/portal/informe0e56.html]
[www.nfe.fazenda.gov.br/portal/informeb53c.html]
[www.nfe.fazenda.gov.br/portal/informe23a9.html]
[www.nfe.fazenda.gov.br/portal/informece68.html]
